Archive member included to satisfy reference by file (symbol)

c:/progra~2/gnuarm~1/102021~1.10/bin/../lib/gcc/arm-none-eabi/10.3.1/thumb/v7-m/nofp\libgcc.a(_arm_muldf3.o)
                              CMakeFiles/PWM_control.elf.dir/Core/Src/main.c.obj (__aeabi_dmul)
c:/progra~2/gnuarm~1/102021~1.10/bin/../lib/gcc/arm-none-eabi/10.3.1/thumb/v7-m/nofp\libgcc.a(_arm_addsubdf3.o)
                              CMakeFiles/PWM_control.elf.dir/Core/Src/main.c.obj (__aeabi_ui2d)
c:/progra~2/gnuarm~1/102021~1.10/bin/../lib/gcc/arm-none-eabi/10.3.1/thumb/v7-m/nofp\libgcc.a(_arm_muldivdf3.o)
                              CMakeFiles/PWM_control.elf.dir/Core/Src/main.c.obj (__aeabi_ddiv)
c:/progra~2/gnuarm~1/102021~1.10/bin/../lib/gcc/arm-none-eabi/10.3.1/thumb/v7-m/nofp\libgcc.a(_arm_fixunsdfsi.o)
                              CMakeFiles/PWM_control.elf.dir/Core/Src/main.c.obj (__aeabi_d2uiz)
c:/progra~2/gnuarm~1/102021~1.10/bin/../lib/gcc/arm-none-eabi/10.3.1/../../../../arm-none-eabi/lib/thumb/v7-m/nofp\libg.a(lib_a-errno.o)
                              CMakeFiles/PWM_control.elf.dir/Core/Src/syscalls.c.obj (__errno)
c:/progra~2/gnuarm~1/102021~1.10/bin/../lib/gcc/arm-none-eabi/10.3.1/../../../../arm-none-eabi/lib/thumb/v7-m/nofp\libg.a(lib_a-exit.o)
                              c:/progra~2/gnuarm~1/102021~1.10/bin/../lib/gcc/arm-none-eabi/10.3.1/../../../../arm-none-eabi/lib/thumb/v7-m/nofp/crt0.o (exit)
c:/progra~2/gnuarm~1/102021~1.10/bin/../lib/gcc/arm-none-eabi/10.3.1/../../../../arm-none-eabi/lib/thumb/v7-m/nofp\libg.a(lib_a-impure.o)
                              c:/progra~2/gnuarm~1/102021~1.10/bin/../lib/gcc/arm-none-eabi/10.3.1/../../../../arm-none-eabi/lib/thumb/v7-m/nofp\libg.a(lib_a-exit.o) (_global_impure_ptr)
c:/progra~2/gnuarm~1/102021~1.10/bin/../lib/gcc/arm-none-eabi/10.3.1/../../../../arm-none-eabi/lib/thumb/v7-m/nofp\libg.a(lib_a-init.o)
                              c:/progra~2/gnuarm~1/102021~1.10/bin/../lib/gcc/arm-none-eabi/10.3.1/../../../../arm-none-eabi/lib/thumb/v7-m/nofp/crt0.o (__libc_init_array)
c:/progra~2/gnuarm~1/102021~1.10/bin/../lib/gcc/arm-none-eabi/10.3.1/../../../../arm-none-eabi/lib/thumb/v7-m/nofp\libg.a(lib_a-memset.o)
                              c:/progra~2/gnuarm~1/102021~1.10/bin/../lib/gcc/arm-none-eabi/10.3.1/../../../../arm-none-eabi/lib/thumb/v7-m/nofp/crt0.o (memset)
c:/progra~2/gnuarm~1/102021~1.10/bin/../lib/gcc/arm-none-eabi/10.3.1/../../../../arm-none-eabi/lib/thumb/v7-m/nofp\libg.a(lib_a-__call_atexit.o)
                              c:/progra~2/gnuarm~1/102021~1.10/bin/../lib/gcc/arm-none-eabi/10.3.1/../../../../arm-none-eabi/lib/thumb/v7-m/nofp\libg.a(lib_a-exit.o) (__call_exitprocs)
c:/progra~2/gnuarm~1/102021~1.10/bin/../lib/gcc/arm-none-eabi/10.3.1/../../../../arm-none-eabi/lib/thumb/v7-m/nofp\libg.a(lib_a-atexit.o)
                              c:/progra~2/gnuarm~1/102021~1.10/bin/../lib/gcc/arm-none-eabi/10.3.1/../../../../arm-none-eabi/lib/thumb/v7-m/nofp\libg.a(lib_a-__call_atexit.o) (atexit)
c:/progra~2/gnuarm~1/102021~1.10/bin/../lib/gcc/arm-none-eabi/10.3.1/../../../../arm-none-eabi/lib/thumb/v7-m/nofp\libg.a(lib_a-fini.o)
                              c:/progra~2/gnuarm~1/102021~1.10/bin/../lib/gcc/arm-none-eabi/10.3.1/../../../../arm-none-eabi/lib/thumb/v7-m/nofp\libg.a(lib_a-__call_atexit.o) (__libc_fini_array)
c:/progra~2/gnuarm~1/102021~1.10/bin/../lib/gcc/arm-none-eabi/10.3.1/../../../../arm-none-eabi/lib/thumb/v7-m/nofp\libg.a(lib_a-lock.o)
                              c:/progra~2/gnuarm~1/102021~1.10/bin/../lib/gcc/arm-none-eabi/10.3.1/../../../../arm-none-eabi/lib/thumb/v7-m/nofp\libg.a(lib_a-__call_atexit.o) (__retarget_lock_acquire_recursive)
c:/progra~2/gnuarm~1/102021~1.10/bin/../lib/gcc/arm-none-eabi/10.3.1/../../../../arm-none-eabi/lib/thumb/v7-m/nofp\libg.a(lib_a-__atexit.o)
                              c:/progra~2/gnuarm~1/102021~1.10/bin/../lib/gcc/arm-none-eabi/10.3.1/../../../../arm-none-eabi/lib/thumb/v7-m/nofp\libg.a(lib_a-atexit.o) (__register_exitproc)

Discarded input sections

 .text          0x00000000        0x0 c:/progra~2/gnuarm~1/102021~1.10/bin/../lib/gcc/arm-none-eabi/10.3.1/thumb/v7-m/nofp/crti.o
 .data          0x00000000        0x0 c:/progra~2/gnuarm~1/102021~1.10/bin/../lib/gcc/arm-none-eabi/10.3.1/thumb/v7-m/nofp/crti.o
 .bss           0x00000000        0x0 c:/progra~2/gnuarm~1/102021~1.10/bin/../lib/gcc/arm-none-eabi/10.3.1/thumb/v7-m/nofp/crti.o
 .data          0x00000000        0x4 c:/progra~2/gnuarm~1/102021~1.10/bin/../lib/gcc/arm-none-eabi/10.3.1/thumb/v7-m/nofp/crtbegin.o
 .rodata        0x00000000       0x24 c:/progra~2/gnuarm~1/102021~1.10/bin/../lib/gcc/arm-none-eabi/10.3.1/thumb/v7-m/nofp/crtbegin.o
 .text          0x00000000       0x7c c:/progra~2/gnuarm~1/102021~1.10/bin/../lib/gcc/arm-none-eabi/10.3.1/../../../../arm-none-eabi/lib/thumb/v7-m/nofp/crt0.o
[...]
Memory Configuration

Name             Origin             Length             Attributes
RAM              0x20000000         0x00002800         xrw
FLASH            0x08000000         0x00008000         xr
*default*        0x00000000         0xffffffff

Linker script and memory map

LOAD c:/progra~2/gnuarm~1/102021~1.10/bin/../lib/gcc/arm-none-eabi/10.3.1/thumb/v7-m/nofp/crti.o
LOAD c:/progra~2/gnuarm~1/102021~1.10/bin/../lib/gcc/arm-none-eabi/10.3.1/thumb/v7-m/nofp/crtbegin.o
LOAD c:/progra~2/gnuarm~1/102021~1.10/bin/../lib/gcc/arm-none-eabi/10.3.1/../../../../arm-none-eabi/lib/thumb/v7-m/nofp/crt0.o
LOAD CMakeFiles/PWM_control.elf.dir/Core/Src/dma.c.obj
LOAD CMakeFiles/PWM_control.elf.dir/Core/Src/gpio.c.obj
LOAD CMakeFiles/PWM_control.elf.dir/Core/Src/main.c.obj
LOAD CMakeFiles/PWM_control.elf.dir/Core/Src/stm32f1xx_hal_msp.c.obj
LOAD CMakeFiles/PWM_control.elf.dir/Core/Src/stm32f1xx_it.c.obj
LOAD CMakeFiles/PWM_control.elf.dir/Core/Src/syscalls.c.obj
LOAD CMakeFiles/PWM_control.elf.dir/Core/Src/sysmem.c.obj
LOAD CMakeFiles/PWM_control.elf.dir/Core/Src/system_stm32f1xx.c.obj
LOAD CMakeFiles/PWM_control.elf.dir/Core/Src/tim.c.obj
LOAD CMakeFiles/PWM_control.elf.dir/Core/Startup/startup_stm32f103c6tx.s.obj
LOAD CMakeFiles/PWM_control.elf.dir/Drivers/STM32F1xx_HAL_Driver/Src/stm32f1xx_hal.c.obj
LOAD CMakeFiles/PWM_control.elf.dir/Drivers/STM32F1xx_HAL_Driver/Src/stm32f1xx_hal_cortex.c.obj
LOAD CMakeFiles/PWM_control.elf.dir/Drivers/STM32F1xx_HAL_Driver/Src/stm32f1xx_hal_dma.c.obj
LOAD CMakeFiles/PWM_control.elf.dir/Drivers/STM32F1xx_HAL_Driver/Src/stm32f1xx_hal_exti.c.obj
LOAD CMakeFiles/PWM_control.elf.dir/Drivers/STM32F1xx_HAL_Driver/Src/stm32f1xx_hal_flash.c.obj
LOAD CMakeFiles/PWM_control.elf.dir/Drivers/STM32F1xx_HAL_Driver/Src/stm32f1xx_hal_flash_ex.c.obj
LOAD CMakeFiles/PWM_control.elf.dir/Drivers/STM32F1xx_HAL_Driver/Src/stm32f1xx_hal_gpio.c.obj
LOAD CMakeFiles/PWM_control.elf.dir/Drivers/STM32F1xx_HAL_Driver/Src/stm32f1xx_hal_gpio_ex.c.obj
LOAD CMakeFiles/PWM_control.elf.dir/Drivers/STM32F1xx_HAL_Driver/Src/stm32f1xx_hal_pwr.c.obj
LOAD CMakeFiles/PWM_control.elf.dir/Drivers/STM32F1xx_HAL_Driver/Src/stm32f1xx_hal_rcc.c.obj
LOAD CMakeFiles/PWM_control.elf.dir/Drivers/STM32F1xx_HAL_Driver/Src/stm32f1xx_hal_rcc_ex.c.obj
LOAD CMakeFiles/PWM_control.elf.dir/Drivers/STM32F1xx_HAL_Driver/Src/stm32f1xx_hal_tim.c.obj
LOAD CMakeFiles/PWM_control.elf.dir/Drivers/STM32F1xx_HAL_Driver/Src/stm32f1xx_hal_tim_ex.c.obj
START GROUP
LOAD c:/progra~2/gnuarm~1/102021~1.10/bin/../lib/gcc/arm-none-eabi/10.3.1/thumb/v7-m/nofp\libgcc.a
LOAD c:/progra~2/gnuarm~1/102021~1.10/bin/../lib/gcc/arm-none-eabi/10.3.1/../../../../arm-none-eabi/lib/thumb/v7-m/nofp\libg.a
LOAD c:/progra~2/gnuarm~1/102021~1.10/bin/../lib/gcc/arm-none-eabi/10.3.1/../../../../arm-none-eabi/lib/thumb/v7-m/nofp\libc.a
END GROUP
LOAD c:/progra~2/gnuarm~1/102021~1.10/bin/../lib/gcc/arm-none-eabi/10.3.1/thumb/v7-m/nofp/crtend.o
LOAD c:/progra~2/gnuarm~1/102021~1.10/bin/../lib/gcc/arm-none-eabi/10.3.1/thumb/v7-m/nofp/crtn.o
                0x20002800                _estack = (ORIGIN (RAM) + LENGTH (RAM))
                0x00000200                _Min_Heap_Size = 0x200
                0x00000400                _Min_Stack_Size = 0x400

.isr_vector     0x08000000      0x10c
                0x08000000                . = ALIGN (0x4)
 *(.isr_vector)
 .isr_vector    0x08000000      0x10c CMakeFiles/PWM_control.elf.dir/Core/Startup/startup_stm32f103c6tx.s.obj
                0x08000000                g_pfnVectors
                0x0800010c                . = ALIGN (0x4)

.text           0x08000110     0x26d0
                0x08000110                . = ALIGN (0x4)
 *(.text)
 .text          0x08000110       0x40 c:/progra~2/gnuarm~1/102021~1.10/bin/../lib/gcc/arm-none-eabi/10.3.1/thumb/v7-m/nofp/crtbegin.o
 .text          0x08000150      0x378 c:/progra~2/gnuarm~1/102021~1.10/bin/../lib/gcc/arm-none-eabi/10.3.1/thumb/v7-m/nofp\libgcc.a(_arm_addsubdf3.o)
                0x08000150                __aeabi_drsub
                0x08000158                __aeabi_dsub
                0x08000158                __subdf3
                0x0800015c                __aeabi_dadd
                0x0800015c                __adddf3
                0x080003d4                __floatunsidf
                0x080003d4                __aeabi_ui2d
                0x080003f4                __floatsidf
                0x080003f4                __aeabi_i2d
                0x08000418                __aeabi_f2d
                0x08000418                __extendsfdf2
                0x0800045c                __floatundidf
                0x0800045c                __aeabi_ul2d
                0x0800046c                __floatdidf
                0x0800046c                __aeabi_l2d
 .text          0x080004c8      0x424 c:/progra~2/gnuarm~1/102021~1.10/bin/../lib/gcc/arm-none-eabi/10.3.1/thumb/v7-m/nofp\libgcc.a(_arm_muldivdf3.o)
                0x080004c8                __aeabi_dmul
                0x080004c8                __muldf3
                0x0800071c                __divdf3
                0x0800071c                __aeabi_ddiv
 .text          0x080008ec       0x40 c:/progra~2/gnuarm~1/102021~1.10/bin/../lib/gcc/arm-none-eabi/10.3.1/thumb/v7-m/nofp\libgcc.a(_arm_fixunsdfsi.o)
                0x080008ec                __aeabi_d2uiz
                0x080008ec                __fixunsdfsi
 *(.text*)
 .text.MX_DMA_Init
                0x0800092c       0x44 CMakeFiles/PWM_control.elf.dir/Core/Src/dma.c.obj
                0x0800092c                MX_DMA_Init
 .text.MX_GPIO_Init
                0x08000970       0xd8 CMakeFiles/PWM_control.elf.dir/Core/Src/gpio.c.obj
                0x08000970                MX_GPIO_Init
 .text.ESC_init_sequence
                0x08000a48       0x90 CMakeFiles/PWM_control.elf.dir/Core/Src/main.c.obj
                0x08000a48                ESC_init_sequence
 .text.TIM3_IRQ
                0x08000ad8       0x30 CMakeFiles/PWM_control.elf.dir/Core/Src/main.c.obj
                0x08000ad8                TIM3_IRQ
 .text.HAL_GPIO_EXTI_Callback
                0x08000b08      0x158 CMakeFiles/PWM_control.elf.dir/Core/Src/main.c.obj
                0x08000b08                HAL_GPIO_EXTI_Callback
 .text.Error_Handler
                0x08000c60        0x4 CMakeFiles/PWM_control.elf.dir/Core/Src/main.c.obj
                0x08000c60                Error_Handler
 .text.SystemClock_Config
                0x08000c64       0x66 CMakeFiles/PWM_control.elf.dir/Core/Src/main.c.obj
                0x08000c64                SystemClock_Config
 *fill*         0x08000cca        0x2 
 .text.main     0x08000ccc       0xc4 CMakeFiles/PWM_control.elf.dir/Core/Src/main.c.obj
                0x08000ccc                main
 .text.HAL_MspInit
                0x08000d90       0x44 CMakeFiles/PWM_control.elf.dir/Core/Src/stm32f1xx_hal_msp.c.obj
                0x08000d90                HAL_MspInit
 .text.NMI_Handler
                0x08000dd4        0x2 CMakeFiles/PWM_control.elf.dir/Core/Src/stm32f1xx_it.c.obj
                0x08000dd4                NMI_Handler
 .text.HardFault_Handler
                0x08000dd6        0x2 CMakeFiles/PWM_control.elf.dir/Core/Src/stm32f1xx_it.c.obj
                0x08000dd6                HardFault_Handler
 .text.MemManage_Handler
                0x08000dd8        0x2 CMakeFiles/PWM_control.elf.dir/Core/Src/stm32f1xx_it.c.obj
                0x08000dd8                MemManage_Handler
 .text.BusFault_Handler
                0x08000dda        0x2 CMakeFiles/PWM_control.elf.dir/Core/Src/stm32f1xx_it.c.obj
                0x08000dda                BusFault_Handler
 .text.UsageFault_Handler
                0x08000ddc        0x2 CMakeFiles/PWM_control.elf.dir/Core/Src/stm32f1xx_it.c.obj
                0x08000ddc                UsageFault_Handler
 .text.SVC_Handler
                0x08000dde        0x2 CMakeFiles/PWM_control.elf.dir/Core/Src/stm32f1xx_it.c.obj
                0x08000dde                SVC_Handler
 .text.DebugMon_Handler
                0x08000de0        0x2 CMakeFiles/PWM_control.elf.dir/Core/Src/stm32f1xx_it.c.obj
                0x08000de0                DebugMon_Handler
 .text.PendSV_Handler
                0x08000de2        0x2 CMakeFiles/PWM_control.elf.dir/Core/Src/stm32f1xx_it.c.obj
                0x08000de2                PendSV_Handler
 .text.SysTick_Handler
                0x08000de4        0x8 CMakeFiles/PWM_control.elf.dir/Core/Src/stm32f1xx_it.c.obj
                0x08000de4                SysTick_Handler
 .text.EXTI4_IRQHandler
                0x08000dec        0xa CMakeFiles/PWM_control.elf.dir/Core/Src/stm32f1xx_it.c.obj
                0x08000dec                EXTI4_IRQHandler
 *fill*         0x08000df6        0x2 
 .text.DMA1_Channel2_IRQHandler
                0x08000df8       0x10 CMakeFiles/PWM_control.elf.dir/Core/Src/stm32f1xx_it.c.obj
                0x08000df8                DMA1_Channel2_IRQHandler
 .text.DMA1_Channel6_IRQHandler
                0x08000e08       0x10 CMakeFiles/PWM_control.elf.dir/Core/Src/stm32f1xx_it.c.obj
                0x08000e08                DMA1_Channel6_IRQHandler
 .text.EXTI9_5_IRQHandler
                0x08000e18        0xa CMakeFiles/PWM_control.elf.dir/Core/Src/stm32f1xx_it.c.obj
                0x08000e18                EXTI9_5_IRQHandler
 *fill*         0x08000e22        0x2 
 .text.TIM3_IRQHandler
                0x08000e24       0x14 CMakeFiles/PWM_control.elf.dir/Core/Src/stm32f1xx_it.c.obj
                0x08000e24                TIM3_IRQHandler
 .text.SystemInit
                0x08000e38        0x2 CMakeFiles/PWM_control.elf.dir/Core/Src/system_stm32f1xx.c.obj
                0x08000e38                SystemInit
 *fill*         0x08000e3a        0x2 
 .text.MX_TIM2_Init
                0x08000e3c       0x6c CMakeFiles/PWM_control.elf.dir/Core/Src/tim.c.obj
                0x08000e3c                MX_TIM2_Init
 .text.MX_TIM3_Init
                0x08000ea8       0x70 CMakeFiles/PWM_control.elf.dir/Core/Src/tim.c.obj
                0x08000ea8                MX_TIM3_Init
 .text.HAL_TIM_Base_MspInit
                0x08000f18       0xf8 CMakeFiles/PWM_control.elf.dir/Core/Src/tim.c.obj
                0x08000f18                HAL_TIM_Base_MspInit
 .text.HAL_TIM_MspPostInit
                0x08001010       0x50 CMakeFiles/PWM_control.elf.dir/Core/Src/tim.c.obj
                0x08001010                HAL_TIM_MspPostInit
 .text.MX_TIM1_Init
                0x08001060      0x10c CMakeFiles/PWM_control.elf.dir/Core/Src/tim.c.obj
                0x08001060                MX_TIM1_Init
 .text.Reset_Handler
                0x0800116c       0x48 CMakeFiles/PWM_control.elf.dir/Core/Startup/startup_stm32f103c6tx.s.obj
                0x0800116c                Reset_Handler
 .text.Default_Handler
                0x080011b4        0x2 CMakeFiles/PWM_control.elf.dir/Core/Startup/startup_stm32f103c6tx.s.obj
                0x080011b4                RTC_Alarm_IRQHandler
                0x080011b4                EXTI2_IRQHandler
                0x080011b4                TIM1_CC_IRQHandler
                0x080011b4                PVD_IRQHandler
                0x080011b4                EXTI3_IRQHandler
                0x080011b4                EXTI0_IRQHandler
                0x080011b4                ADC1_2_IRQHandler
                0x080011b4                SPI1_IRQHandler
                0x080011b4                TAMPER_IRQHandler
                0x080011b4                DMA1_Channel4_IRQHandler
                0x080011b4                RTC_IRQHandler
                0x080011b4                DMA1_Channel7_IRQHandler
                0x080011b4                CAN1_RX1_IRQHandler
                0x080011b4                I2C1_EV_IRQHandler
                0x080011b4                RCC_IRQHandler
                0x080011b4                TIM1_TRG_COM_IRQHandler
                0x080011b4                DMA1_Channel1_IRQHandler
                0x080011b4                Default_Handler
                0x080011b4                EXTI15_10_IRQHandler
                0x080011b4                DMA1_Channel5_IRQHandler
                0x080011b4                USB_LP_CAN1_RX0_IRQHandler
                0x080011b4                USB_HP_CAN1_TX_IRQHandler
                0x080011b4                DMA1_Channel3_IRQHandler
                0x080011b4                TIM1_UP_IRQHandler
                0x080011b4                WWDG_IRQHandler
                0x080011b4                TIM2_IRQHandler
                0x080011b4                TIM1_BRK_IRQHandler
                0x080011b4                EXTI1_IRQHandler
                0x080011b4                USART2_IRQHandler
                0x080011b4                CAN1_SCE_IRQHandler
                0x080011b4                FLASH_IRQHandler
                0x080011b4                USART1_IRQHandler
                0x080011b4                I2C1_ER_IRQHandler
                0x080011b4                USBWakeUp_IRQHandler
 *fill*         0x080011b6        0x2 
 .text.HAL_InitTick
                0x080011b8       0x4c CMakeFiles/PWM_control.elf.dir/Drivers/STM32F1xx_HAL_Driver/Src/stm32f1xx_hal.c.obj
                0x080011b8                HAL_InitTick
 .text.HAL_Init
                0x08001204       0x24 CMakeFiles/PWM_control.elf.dir/Drivers/STM32F1xx_HAL_Driver/Src/stm32f1xx_hal.c.obj
                0x08001204                HAL_Init
 .text.HAL_IncTick
                0x08001228       0x18 CMakeFiles/PWM_control.elf.dir/Drivers/STM32F1xx_HAL_Driver/Src/stm32f1xx_hal.c.obj
                0x08001228                HAL_IncTick
 .text.HAL_GetTick
                0x08001240        0xc CMakeFiles/PWM_control.elf.dir/Drivers/STM32F1xx_HAL_Driver/Src/stm32f1xx_hal.c.obj
                0x08001240                HAL_GetTick
 .text.HAL_Delay
                0x0800124c       0x28 CMakeFiles/PWM_control.elf.dir/Drivers/STM32F1xx_HAL_Driver/Src/stm32f1xx_hal.c.obj
                0x0800124c                HAL_Delay
 .text.HAL_NVIC_SetPriorityGrouping
                0x08001274       0x24 CMakeFiles/PWM_control.elf.dir/Drivers/STM32F1xx_HAL_Driver/Src/stm32f1xx_hal_cortex.c.obj
                0x08001274                HAL_NVIC_SetPriorityGrouping
 .text.HAL_NVIC_SetPriority
                0x08001298       0x70 CMakeFiles/PWM_control.elf.dir/Drivers/STM32F1xx_HAL_Driver/Src/stm32f1xx_hal_cortex.c.obj
                0x08001298                HAL_NVIC_SetPriority
 .text.HAL_NVIC_EnableIRQ
                0x08001308       0x1c CMakeFiles/PWM_control.elf.dir/Drivers/STM32F1xx_HAL_Driver/Src/stm32f1xx_hal_cortex.c.obj
                0x08001308                HAL_NVIC_EnableIRQ
 .text.HAL_SYSTICK_Config
                0x08001324       0x28 CMakeFiles/PWM_control.elf.dir/Drivers/STM32F1xx_HAL_Driver/Src/stm32f1xx_hal_cortex.c.obj
                0x08001324                HAL_SYSTICK_Config
 .text.HAL_DMA_Init
                0x0800134c       0x6c CMakeFiles/PWM_control.elf.dir/Drivers/STM32F1xx_HAL_Driver/Src/stm32f1xx_hal_dma.c.obj
                0x0800134c                HAL_DMA_Init
 .text.HAL_DMA_IRQHandler
                0x080013b8      0x144 CMakeFiles/PWM_control.elf.dir/Drivers/STM32F1xx_HAL_Driver/Src/stm32f1xx_hal_dma.c.obj
                0x080013b8                HAL_DMA_IRQHandler
 .text.HAL_GPIO_Init
                0x080014fc      0x220 CMakeFiles/PWM_control.elf.dir/Drivers/STM32F1xx_HAL_Driver/Src/stm32f1xx_hal_gpio.c.obj
                0x080014fc                HAL_GPIO_Init
 .text.HAL_GPIO_ReadPin
                0x0800171c        0xe CMakeFiles/PWM_control.elf.dir/Drivers/STM32F1xx_HAL_Driver/Src/stm32f1xx_hal_gpio.c.obj
                0x0800171c                HAL_GPIO_ReadPin
 *fill*         0x0800172a        0x2 
 .text.HAL_GPIO_EXTI_IRQHandler
                0x0800172c       0x1c CMakeFiles/PWM_control.elf.dir/Drivers/STM32F1xx_HAL_Driver/Src/stm32f1xx_hal_gpio.c.obj
                0x0800172c                HAL_GPIO_EXTI_IRQHandler
 .text.RCC_Delay
                0x08001748       0x2c CMakeFiles/PWM_control.elf.dir/Drivers/STM32F1xx_HAL_Driver/Src/stm32f1xx_hal_rcc.c.obj
 .text.HAL_RCC_OscConfig
                0x08001774      0x410 CMakeFiles/PWM_control.elf.dir/Drivers/STM32F1xx_HAL_Driver/Src/stm32f1xx_hal_rcc.c.obj
                0x08001774                HAL_RCC_OscConfig
 .text.HAL_RCC_GetSysClockFreq
                0x08001b84       0x54 CMakeFiles/PWM_control.elf.dir/Drivers/STM32F1xx_HAL_Driver/Src/stm32f1xx_hal_rcc.c.obj
                0x08001b84                HAL_RCC_GetSysClockFreq
 .text.HAL_RCC_ClockConfig
                0x08001bd8      0x16c CMakeFiles/PWM_control.elf.dir/Drivers/STM32F1xx_HAL_Driver/Src/stm32f1xx_hal_rcc.c.obj
                0x08001bd8                HAL_RCC_ClockConfig
 .text.TIM_OC1_SetConfig
                0x08001d44       0x5c CMakeFiles/PWM_control.elf.dir/Drivers/STM32F1xx_HAL_Driver/Src/stm32f1xx_hal_tim.c.obj
 .text.TIM_OC3_SetConfig
                0x08001da0       0x64 CMakeFiles/PWM_control.elf.dir/Drivers/STM32F1xx_HAL_Driver/Src/stm32f1xx_hal_tim.c.obj
 .text.TIM_OC4_SetConfig
                0x08001e04       0x48 CMakeFiles/PWM_control.elf.dir/Drivers/STM32F1xx_HAL_Driver/Src/stm32f1xx_hal_tim.c.obj
 .text.TIM_TI1_ConfigInputStage
                0x08001e4c       0x24 CMakeFiles/PWM_control.elf.dir/Drivers/STM32F1xx_HAL_Driver/Src/stm32f1xx_hal_tim.c.obj
 .text.TIM_TI2_ConfigInputStage
                0x08001e70       0x26 CMakeFiles/PWM_control.elf.dir/Drivers/STM32F1xx_HAL_Driver/Src/stm32f1xx_hal_tim.c.obj
 .text.TIM_ITRx_SetConfig
                0x08001e96       0x10 CMakeFiles/PWM_control.elf.dir/Drivers/STM32F1xx_HAL_Driver/Src/stm32f1xx_hal_tim.c.obj
 *fill*         0x08001ea6        0x2 
 .text.HAL_TIM_Base_Start
                0x08001ea8       0x54 CMakeFiles/PWM_control.elf.dir/Drivers/STM32F1xx_HAL_Driver/Src/stm32f1xx_hal_tim.c.obj
                0x08001ea8                HAL_TIM_Base_Start
 .text.HAL_TIM_Base_Start_IT
                0x08001efc       0x60 CMakeFiles/PWM_control.elf.dir/Drivers/STM32F1xx_HAL_Driver/Src/stm32f1xx_hal_tim.c.obj
                0x08001efc                HAL_TIM_Base_Start_IT
 .text.HAL_TIM_PWM_MspInit
                0x08001f5c        0x2 CMakeFiles/PWM_control.elf.dir/Drivers/STM32F1xx_HAL_Driver/Src/stm32f1xx_hal_tim.c.obj
                0x08001f5c                HAL_TIM_PWM_MspInit
 .text.HAL_TIM_PeriodElapsedCallback
                0x08001f5e        0x2 CMakeFiles/PWM_control.elf.dir/Drivers/STM32F1xx_HAL_Driver/Src/stm32f1xx_hal_tim.c.obj
                0x08001f5e                HAL_TIM_PeriodElapsedCallback
 .text.HAL_TIM_OC_DelayElapsedCallback
                0x08001f60        0x2 CMakeFiles/PWM_control.elf.dir/Drivers/STM32F1xx_HAL_Driver/Src/stm32f1xx_hal_tim.c.obj
                0x08001f60                HAL_TIM_OC_DelayElapsedCallback
 .text.HAL_TIM_IC_CaptureCallback
                0x08001f62        0x2 CMakeFiles/PWM_control.elf.dir/Drivers/STM32F1xx_HAL_Driver/Src/stm32f1xx_hal_tim.c.obj
                0x08001f62                HAL_TIM_IC_CaptureCallback
 .text.HAL_TIM_PWM_PulseFinishedCallback
                0x08001f64        0x2 CMakeFiles/PWM_control.elf.dir/Drivers/STM32F1xx_HAL_Driver/Src/stm32f1xx_hal_tim.c.obj
                0x08001f64                HAL_TIM_PWM_PulseFinishedCallback
 .text.HAL_TIM_TriggerCallback
                0x08001f66        0x2 CMakeFiles/PWM_control.elf.dir/Drivers/STM32F1xx_HAL_Driver/Src/stm32f1xx_hal_tim.c.obj
                0x08001f66                HAL_TIM_TriggerCallback
 .text.HAL_TIM_IRQHandler
                0x08001f68      0x17a CMakeFiles/PWM_control.elf.dir/Drivers/STM32F1xx_HAL_Driver/Src/stm32f1xx_hal_tim.c.obj
                0x08001f68                HAL_TIM_IRQHandler
 *fill*         0x080020e2        0x2 
 .text.TIM_Base_SetConfig
                0x080020e4       0x64 CMakeFiles/PWM_control.elf.dir/Drivers/STM32F1xx_HAL_Driver/Src/stm32f1xx_hal_tim.c.obj
                0x080020e4                TIM_Base_SetConfig
 .text.HAL_TIM_Base_Init
                0x08002148       0x58 CMakeFiles/PWM_control.elf.dir/Drivers/STM32F1xx_HAL_Driver/Src/stm32f1xx_hal_tim.c.obj
                0x08002148                HAL_TIM_Base_Init
 .text.HAL_TIM_PWM_Init
                0x080021a0       0x58 CMakeFiles/PWM_control.elf.dir/Drivers/STM32F1xx_HAL_Driver/Src/stm32f1xx_hal_tim.c.obj
                0x080021a0                HAL_TIM_PWM_Init
 .text.TIM_OC2_SetConfig
                0x080021f8       0x64 CMakeFiles/PWM_control.elf.dir/Drivers/STM32F1xx_HAL_Driver/Src/stm32f1xx_hal_tim.c.obj
                0x080021f8                TIM_OC2_SetConfig
 .text.HAL_TIM_PWM_ConfigChannel
                0x0800225c       0xdc CMakeFiles/PWM_control.elf.dir/Drivers/STM32F1xx_HAL_Driver/Src/stm32f1xx_hal_tim.c.obj
                0x0800225c                HAL_TIM_PWM_ConfigChannel
 .text.TIM_ETR_SetConfig
                0x08002338       0x18 CMakeFiles/PWM_control.elf.dir/Drivers/STM32F1xx_HAL_Driver/Src/stm32f1xx_hal_tim.c.obj
                0x08002338                TIM_ETR_SetConfig
 .text.HAL_TIM_ConfigClockSource
                0x08002350       0xfe CMakeFiles/PWM_control.elf.dir/Drivers/STM32F1xx_HAL_Driver/Src/stm32f1xx_hal_tim.c.obj
                0x08002350                HAL_TIM_ConfigClockSource
 .text.TIM_CCxChannelCmd
                0x0800244e       0x1e CMakeFiles/PWM_control.elf.dir/Drivers/STM32F1xx_HAL_Driver/Src/stm32f1xx_hal_tim.c.obj
                0x0800244e                TIM_CCxChannelCmd
 .text.HAL_TIM_PWM_Start
                0x0800246c       0xd4 CMakeFiles/PWM_control.elf.dir/Drivers/STM32F1xx_HAL_Driver/Src/stm32f1xx_hal_tim.c.obj
                0x0800246c                HAL_TIM_PWM_Start
 .text.HAL_TIMEx_MasterConfigSynchronization
                0x08002540       0x64 CMakeFiles/PWM_control.elf.dir/Drivers/STM32F1xx_HAL_Driver/Src/stm32f1xx_hal_tim_ex.c.obj
                0x08002540                HAL_TIMEx_MasterConfigSynchronization
 .text.HAL_TIMEx_ConfigBreakDeadTime
                0x080025a4       0x52 CMakeFiles/PWM_control.elf.dir/Drivers/STM32F1xx_HAL_Driver/Src/stm32f1xx_hal_tim_ex.c.obj
                0x080025a4                HAL_TIMEx_ConfigBreakDeadTime
 .text.HAL_TIMEx_CommutCallback
                0x080025f6        0x2 CMakeFiles/PWM_control.elf.dir/Drivers/STM32F1xx_HAL_Driver/Src/stm32f1xx_hal_tim_ex.c.obj
                0x080025f6                HAL_TIMEx_CommutCallback
 .text.HAL_TIMEx_BreakCallback
                0x080025f8        0x2 CMakeFiles/PWM_control.elf.dir/Drivers/STM32F1xx_HAL_Driver/Src/stm32f1xx_hal_tim_ex.c.obj
                0x080025f8                HAL_TIMEx_BreakCallback
 *fill*         0x080025fa        0x2 
 .text.__libc_init_array
                0x080025fc       0x48 c:/progra~2/gnuarm~1/102021~1.10/bin/../lib/gcc/arm-none-eabi/10.3.1/../../../../arm-none-eabi/lib/thumb/v7-m/nofp\libg.a(lib_a-init.o)
                0x080025fc                __libc_init_array
 .text.memset   0x08002644       0xa4 c:/progra~2/gnuarm~1/102021~1.10/bin/../lib/gcc/arm-none-eabi/10.3.1/../../../../arm-none-eabi/lib/thumb/v7-m/nofp\libg.a(lib_a-memset.o)
                0x08002644                memset
 .text.startup.register_fini
                0x080026e8       0x14 c:/progra~2/gnuarm~1/102021~1.10/bin/../lib/gcc/arm-none-eabi/10.3.1/../../../../arm-none-eabi/lib/thumb/v7-m/nofp\libg.a(lib_a-__call_atexit.o)
 .text.atexit   0x080026fc        0xc c:/progra~2/gnuarm~1/102021~1.10/bin/../lib/gcc/arm-none-eabi/10.3.1/../../../../arm-none-eabi/lib/thumb/v7-m/nofp\libg.a(lib_a-atexit.o)
                0x080026fc                atexit
 .text.__libc_fini_array
                0x08002708       0x2c c:/progra~2/gnuarm~1/102021~1.10/bin/../lib/gcc/arm-none-eabi/10.3.1/../../../../arm-none-eabi/lib/thumb/v7-m/nofp\libg.a(lib_a-fini.o)
                0x08002708                __libc_fini_array
 .text.__retarget_lock_acquire_recursive
                0x08002734        0x4 c:/progra~2/gnuarm~1/102021~1.10/bin/../lib/gcc/arm-none-eabi/10.3.1/../../../../arm-none-eabi/lib/thumb/v7-m/nofp\libg.a(lib_a-lock.o)
                0x08002734                __retarget_lock_acquire_recursive
 .text.__retarget_lock_release_recursive
                0x08002738        0x4 c:/progra~2/gnuarm~1/102021~1.10/bin/../lib/gcc/arm-none-eabi/10.3.1/../../../../arm-none-eabi/lib/thumb/v7-m/nofp\libg.a(lib_a-lock.o)
                0x08002738                __retarget_lock_release_recursive
 .text.__register_exitproc
                0x0800273c       0x8c c:/progra~2/gnuarm~1/102021~1.10/bin/../lib/gcc/arm-none-eabi/10.3.1/../../../../arm-none-eabi/lib/thumb/v7-m/nofp\libg.a(lib_a-__atexit.o)
                0x0800273c                __register_exitproc
 *(.glue_7)
 .glue_7        0x080027c8        0x0 linker stubs
 *(.glue_7t)
 .glue_7t       0x080027c8        0x0 linker stubs
 *(.eh_frame)
 .eh_frame      0x080027c8        0x0 c:/progra~2/gnuarm~1/102021~1.10/bin/../lib/gcc/arm-none-eabi/10.3.1/thumb/v7-m/nofp/crtbegin.o
 *(.init)
 .init          0x080027c8        0x4 c:/progra~2/gnuarm~1/102021~1.10/bin/../lib/gcc/arm-none-eabi/10.3.1/thumb/v7-m/nofp/crti.o
                0x080027c8                _init
 .init          0x080027cc        0x8 c:/progra~2/gnuarm~1/102021~1.10/bin/../lib/gcc/arm-none-eabi/10.3.1/thumb/v7-m/nofp/crtn.o
 *(.fini)
 .fini          0x080027d4        0x4 c:/progra~2/gnuarm~1/102021~1.10/bin/../lib/gcc/arm-none-eabi/10.3.1/thumb/v7-m/nofp/crti.o
                0x080027d4                _fini
 .fini          0x080027d8        0x8 c:/progra~2/gnuarm~1/102021~1.10/bin/../lib/gcc/arm-none-eabi/10.3.1/thumb/v7-m/nofp/crtn.o
                0x080027e0                . = ALIGN (0x4)
                0x080027e0                _etext = .

.vfp11_veneer   0x080027e0        0x0
 .vfp11_veneer  0x080027e0        0x0 linker stubs

.v4_bx          0x080027e0        0x0
 .v4_bx         0x080027e0        0x0 linker stubs

.iplt           0x080027e0        0x0
 .iplt          0x080027e0        0x0 c:/progra~2/gnuarm~1/102021~1.10/bin/../lib/gcc/arm-none-eabi/10.3.1/thumb/v7-m/nofp/crtbegin.o

.rodata         0x080027e0       0x28
                0x080027e0                . = ALIGN (0x4)
 *(.rodata)
 *(.rodata*)
 .rodata.AHBPrescTable
                0x080027e0       0x10 CMakeFiles/PWM_control.elf.dir/Core/Src/system_stm32f1xx.c.obj
                0x080027e0                AHBPrescTable
 .rodata.aPLLMULFactorTable.1
                0x080027f0       0x10 CMakeFiles/PWM_control.elf.dir/Drivers/STM32F1xx_HAL_Driver/Src/stm32f1xx_hal_rcc.c.obj
 .rodata.aPredivFactorTable.0
                0x08002800        0x2 CMakeFiles/PWM_control.elf.dir/Drivers/STM32F1xx_HAL_Driver/Src/stm32f1xx_hal_rcc.c.obj
 *fill*         0x08002802        0x2 
 .rodata._global_impure_ptr
                0x08002804        0x4 c:/progra~2/gnuarm~1/102021~1.10/bin/../lib/gcc/arm-none-eabi/10.3.1/../../../../arm-none-eabi/lib/thumb/v7-m/nofp\libg.a(lib_a-impure.o)
                0x08002804                _global_impure_ptr
                0x08002808                . = ALIGN (0x4)

.rel.dyn        0x08002808        0x0
 .rel.iplt      0x08002808        0x0 c:/progra~2/gnuarm~1/102021~1.10/bin/../lib/gcc/arm-none-eabi/10.3.1/thumb/v7-m/nofp/crtbegin.o

.ARM.extab      0x08002808        0x0
                0x08002808                . = ALIGN (0x4)
 *(.ARM.extab* .gnu.linkonce.armextab.*)
                0x08002808                . = ALIGN (0x4)

.ARM            0x08002808        0x0
                0x08002808                . = ALIGN (0x4)
                0x08002808                __exidx_start = .
 *(.ARM.exidx*)
                0x08002808                __exidx_end = .
                0x08002808                . = ALIGN (0x4)

.preinit_array  0x08002808        0x0
                0x08002808                . = ALIGN (0x4)
                0x08002808                PROVIDE (__preinit_array_start = .)
 *(.preinit_array*)
                0x08002808                PROVIDE (__preinit_array_end = .)
                0x08002808                . = ALIGN (0x4)

.init_array     0x08002808        0x8
                0x08002808                . = ALIGN (0x4)
                0x08002808                PROVIDE (__init_array_start = .)
 *(SORT_BY_NAME(.init_array.*))
 .init_array.00000
                0x08002808        0x4 c:/progra~2/gnuarm~1/102021~1.10/bin/../lib/gcc/arm-none-eabi/10.3.1/../../../../arm-none-eabi/lib/thumb/v7-m/nofp\libg.a(lib_a-__call_atexit.o)
 *(.init_array*)
 .init_array    0x0800280c        0x4 c:/progra~2/gnuarm~1/102021~1.10/bin/../lib/gcc/arm-none-eabi/10.3.1/thumb/v7-m/nofp/crtbegin.o
                0x08002810                PROVIDE (__init_array_end = .)
                0x08002810                . = ALIGN (0x4)

.fini_array     0x08002810        0x4
                0x08002810                . = ALIGN (0x4)
                0x08002810                PROVIDE (__fini_array_start = .)
 *(SORT_BY_NAME(.fini_array.*))
 *(.fini_array*)
 .fini_array    0x08002810        0x4 c:/progra~2/gnuarm~1/102021~1.10/bin/../lib/gcc/arm-none-eabi/10.3.1/thumb/v7-m/nofp/crtbegin.o
                0x08002814                PROVIDE (__fini_array_end = .)
                0x08002814                . = ALIGN (0x4)
                0x08002814                _sidata = LOADADDR (.data)

.data           0x20000000      0x44c load address 0x08002814
                0x20000000                . = ALIGN (0x4)
                0x20000000                _sdata = .
 *(.data)
 *(.data*)
 .data.pwm1     0x20000000        0x8 CMakeFiles/PWM_control.elf.dir/Core/Src/main.c.obj
                0x20000000                pwm1
 .data.pwm2     0x20000008        0x8 CMakeFiles/PWM_control.elf.dir/Core/Src/main.c.obj
                0x20000008                pwm2
 .data.SystemCoreClock
                0x20000010        0x4 CMakeFiles/PWM_control.elf.dir/Core/Src/system_stm32f1xx.c.obj
                0x20000010                SystemCoreClock
 .data.uwTickFreq
                0x20000014        0x1 CMakeFiles/PWM_control.elf.dir/Drivers/STM32F1xx_HAL_Driver/Src/stm32f1xx_hal.c.obj
                0x20000014                uwTickFreq
 *fill*         0x20000015        0x3 
 .data.uwTickPrio
                0x20000018        0x4 CMakeFiles/PWM_control.elf.dir/Drivers/STM32F1xx_HAL_Driver/Src/stm32f1xx_hal.c.obj
                0x20000018                uwTickPrio
 *fill*         0x2000001c        0x4 
 .data.impure_data
                0x20000020      0x428 c:/progra~2/gnuarm~1/102021~1.10/bin/../lib/gcc/arm-none-eabi/10.3.1/../../../../arm-none-eabi/lib/thumb/v7-m/nofp\libg.a(lib_a-impure.o)
 .data.__atexit_recursive_mutex
                0x20000448        0x4 c:/progra~2/gnuarm~1/102021~1.10/bin/../lib/gcc/arm-none-eabi/10.3.1/../../../../arm-none-eabi/lib/thumb/v7-m/nofp\libg.a(lib_a-__call_atexit.o)
                0x20000448                __atexit_recursive_mutex
 *(.RamFunc)
 *(.RamFunc*)
                0x2000044c                . = ALIGN (0x4)
                0x2000044c                _edata = .

.igot.plt       0x2000044c        0x0 load address 0x08002c60
 .igot.plt      0x2000044c        0x0 c:/progra~2/gnuarm~1/102021~1.10/bin/../lib/gcc/arm-none-eabi/10.3.1/thumb/v7-m/nofp/crtbegin.o
                0x2000044c                . = ALIGN (0x4)

.bss            0x2000044c      0x18c load address 0x08002c60
                0x2000044c                _sbss = .
                0x2000044c                __bss_start__ = _sbss
 *(.bss)
 .bss           0x2000044c       0x1c c:/progra~2/gnuarm~1/102021~1.10/bin/../lib/gcc/arm-none-eabi/10.3.1/thumb/v7-m/nofp/crtbegin.o
 *(.bss*)
 .bss.PWM_IN_1  0x20000468        0x1 CMakeFiles/PWM_control.elf.dir/Core/Src/main.c.obj
                0x20000468                PWM_IN_1
 .bss.PWM_IN_2  0x20000469        0x1 CMakeFiles/PWM_control.elf.dir/Core/Src/main.c.obj
                0x20000469                PWM_IN_2
 .bss.StartStopFlag
                0x2000046a        0x1 CMakeFiles/PWM_control.elf.dir/Core/Src/main.c.obj
                0x2000046a                StartStopFlag
 .bss.interrupt_number_flag
                0x2000046b        0x1 CMakeFiles/PWM_control.elf.dir/Core/Src/main.c.obj
                0x2000046b                interrupt_number_flag
 .bss.main_frequency
                0x2000046c        0x4 CMakeFiles/PWM_control.elf.dir/Core/Src/main.c.obj
                0x2000046c                main_frequency
 .bss.hdma_tim1_ch1
                0x20000470       0x44 CMakeFiles/PWM_control.elf.dir/Core/Src/tim.c.obj
                0x20000470                hdma_tim1_ch1
 .bss.hdma_tim1_ch3
                0x200004b4       0x44 CMakeFiles/PWM_control.elf.dir/Core/Src/tim.c.obj
                0x200004b4                hdma_tim1_ch3
 .bss.htim1     0x200004f8       0x48 CMakeFiles/PWM_control.elf.dir/Core/Src/tim.c.obj
                0x200004f8                htim1
 .bss.htim2     0x20000540       0x48 CMakeFiles/PWM_control.elf.dir/Core/Src/tim.c.obj
                0x20000540                htim2
 .bss.htim3     0x20000588       0x48 CMakeFiles/PWM_control.elf.dir/Core/Src/tim.c.obj
                0x20000588                htim3
 .bss.uwTick    0x200005d0        0x4 CMakeFiles/PWM_control.elf.dir/Drivers/STM32F1xx_HAL_Driver/Src/stm32f1xx_hal.c.obj
                0x200005d0                uwTick
 .bss.__lock___atexit_recursive_mutex
                0x200005d4        0x1 c:/progra~2/gnuarm~1/102021~1.10/bin/../lib/gcc/arm-none-eabi/10.3.1/../../../../arm-none-eabi/lib/thumb/v7-m/nofp\libg.a(lib_a-lock.o)
                0x200005d4                __lock___atexit_recursive_mutex
 *(COMMON)
                0x200005d8                . = ALIGN (0x4)
 *fill*         0x200005d5        0x3 
                0x200005d8                _ebss = .
                0x200005d8                __bss_end__ = _ebss

._user_heap_stack
                0x200005d8      0x600 load address 0x08002c60
                0x200005d8                . = ALIGN (0x8)
                [!provide]                PROVIDE (end = .)
                0x200005d8                PROVIDE (_end = .)
                0x200007d8                . = (. + _Min_Heap_Size)
 *fill*         0x200005d8      0x200 
                0x20000bd8                . = (. + _Min_Stack_Size)
 *fill*         0x200007d8      0x400 
                0x20000bd8                . = ALIGN (0x8)

/DISCARD/
 libc.a(*)
 libm.a(*)
 libgcc.a(*)

.ARM.attributes
                0x00000000       0x29
 *(.ARM.attributes)
 .ARM.attributes
                0x00000000       0x1d c:/progra~2/gnuarm~1/102021~1.10/bin/../lib/gcc/arm-none-eabi/10.3.1/thumb/v7-m/nofp/crti.o
 .ARM.attributes
                0x0000001d       0x2d c:/progra~2/gnuarm~1/102021~1.10/bin/../lib/gcc/arm-none-eabi/10.3.1/thumb/v7-m/nofp/crtbegin.o
 .ARM.attributes
                0x0000004a       0x2d CMakeFiles/PWM_control.elf.dir/Core/Src/dma.c.obj
 .ARM.attributes
                0x00000077       0x2d CMakeFiles/PWM_control.elf.dir/Core/Src/gpio.c.obj
 .ARM.attributes
                0x000000a4       0x2d CMakeFiles/PWM_control.elf.dir/Core/Src/main.c.obj
 .ARM.attributes
                0x000000d1       0x2d CMakeFiles/PWM_control.elf.dir/Core/Src/stm32f1xx_hal_msp.c.obj
 .ARM.attributes
                0x000000fe       0x2d CMakeFiles/PWM_control.elf.dir/Core/Src/stm32f1xx_it.c.obj
 .ARM.attributes
                0x0000012b       0x2d CMakeFiles/PWM_control.elf.dir/Core/Src/system_stm32f1xx.c.obj
 .ARM.attributes
                0x00000158       0x2d CMakeFiles/PWM_control.elf.dir/Core/Src/tim.c.obj
 .ARM.attributes
                0x00000185       0x21 CMakeFiles/PWM_control.elf.dir/Core/Startup/startup_stm32f103c6tx.s.obj
 .ARM.attributes
                0x000001a6       0x2d CMakeFiles/PWM_control.elf.dir/Drivers/STM32F1xx_HAL_Driver/Src/stm32f1xx_hal.c.obj
 .ARM.attributes
                0x000001d3       0x2d CMakeFiles/PWM_control.elf.dir/Drivers/STM32F1xx_HAL_Driver/Src/stm32f1xx_hal_cortex.c.obj
 .ARM.attributes
                0x00000200       0x2d CMakeFiles/PWM_control.elf.dir/Drivers/STM32F1xx_HAL_Driver/Src/stm32f1xx_hal_dma.c.obj
 .ARM.attributes
                0x0000022d       0x2d CMakeFiles/PWM_control.elf.dir/Drivers/STM32F1xx_HAL_Driver/Src/stm32f1xx_hal_gpio.c.obj
 .ARM.attributes
                0x0000025a       0x2d CMakeFiles/PWM_control.elf.dir/Drivers/STM32F1xx_HAL_Driver/Src/stm32f1xx_hal_rcc.c.obj
 .ARM.attributes
                0x00000287       0x2d CMakeFiles/PWM_control.elf.dir/Drivers/STM32F1xx_HAL_Driver/Src/stm32f1xx_hal_tim.c.obj
 .ARM.attributes
                0x000002b4       0x2d CMakeFiles/PWM_control.elf.dir/Drivers/STM32F1xx_HAL_Driver/Src/stm32f1xx_hal_tim_ex.c.obj
 .ARM.attributes
                0x000002e1       0x1d c:/progra~2/gnuarm~1/102021~1.10/bin/../lib/gcc/arm-none-eabi/10.3.1/thumb/v7-m/nofp\libgcc.a(_arm_addsubdf3.o)
 .ARM.attributes
                0x000002fe       0x1d c:/progra~2/gnuarm~1/102021~1.10/bin/../lib/gcc/arm-none-eabi/10.3.1/thumb/v7-m/nofp\libgcc.a(_arm_muldivdf3.o)
 .ARM.attributes
                0x0000031b       0x1d c:/progra~2/gnuarm~1/102021~1.10/bin/../lib/gcc/arm-none-eabi/10.3.1/thumb/v7-m/nofp\libgcc.a(_arm_fixunsdfsi.o)
 .ARM.attributes
                0x00000338       0x2d c:/progra~2/gnuarm~1/102021~1.10/bin/../lib/gcc/arm-none-eabi/10.3.1/../../../../arm-none-eabi/lib/thumb/v7-m/nofp\libg.a(lib_a-impure.o)
 .ARM.attributes
                0x00000365       0x2d c:/progra~2/gnuarm~1/102021~1.10/bin/../lib/gcc/arm-none-eabi/10.3.1/../../../../arm-none-eabi/lib/thumb/v7-m/nofp\libg.a(lib_a-init.o)
 .ARM.attributes
                0x00000392       0x2d c:/progra~2/gnuarm~1/102021~1.10/bin/../lib/gcc/arm-none-eabi/10.3.1/../../../../arm-none-eabi/lib/thumb/v7-m/nofp\libg.a(lib_a-memset.o)
 .ARM.attributes
                0x000003bf       0x2d c:/progra~2/gnuarm~1/102021~1.10/bin/../lib/gcc/arm-none-eabi/10.3.1/../../../../arm-none-eabi/lib/thumb/v7-m/nofp\libg.a(lib_a-__call_atexit.o)
 .ARM.attributes
                0x000003ec       0x2d c:/progra~2/gnuarm~1/102021~1.10/bin/../lib/gcc/arm-none-eabi/10.3.1/../../../../arm-none-eabi/lib/thumb/v7-m/nofp\libg.a(lib_a-atexit.o)
 .ARM.attributes
                0x00000419       0x2d c:/progra~2/gnuarm~1/102021~1.10/bin/../lib/gcc/arm-none-eabi/10.3.1/../../../../arm-none-eabi/lib/thumb/v7-m/nofp\libg.a(lib_a-fini.o)
 .ARM.attributes
                0x00000446       0x2d c:/progra~2/gnuarm~1/102021~1.10/bin/../lib/gcc/arm-none-eabi/10.3.1/../../../../arm-none-eabi/lib/thumb/v7-m/nofp\libg.a(lib_a-lock.o)
 .ARM.attributes
                0x00000473       0x2d c:/progra~2/gnuarm~1/102021~1.10/bin/../lib/gcc/arm-none-eabi/10.3.1/../../../../arm-none-eabi/lib/thumb/v7-m/nofp\libg.a(lib_a-__atexit.o)
 .ARM.attributes
                0x000004a0       0x1d c:/progra~2/gnuarm~1/102021~1.10/bin/../lib/gcc/arm-none-eabi/10.3.1/thumb/v7-m/nofp/crtn.o
OUTPUT(PWM_control.elf elf32-littlearm)
LOAD linker stubs
LOAD c:/progra~2/gnuarm~1/102021~1.10/bin/../lib/gcc/arm-none-eabi/10.3.1/../../../../arm-none-eabi/lib/thumb/v7-m/nofp\libc.a
LOAD c:/progra~2/gnuarm~1/102021~1.10/bin/../lib/gcc/arm-none-eabi/10.3.1/../../../../arm-none-eabi/lib/thumb/v7-m/nofp\libm.a
LOAD c:/progra~2/gnuarm~1/102021~1.10/bin/../lib/gcc/arm-none-eabi/10.3.1/thumb/v7-m/nofp\libgcc.a

.debug_info     0x00000000     0xba46
 .debug_info    0x00000000      0x306 CMakeFiles/PWM_control.elf.dir/Core/Src/dma.c.obj
 .debug_info    0x00000306      0x4c6 CMakeFiles/PWM_control.elf.dir/Core/Src/gpio.c.obj
 .debug_info    0x000007cc      0xff5 CMakeFiles/PWM_control.elf.dir/Core/Src/main.c.obj
 .debug_info    0x000017c1      0x211 CMakeFiles/PWM_control.elf.dir/Core/Src/stm32f1xx_hal_msp.c.obj
 .debug_info    0x000019d2      0x7eb CMakeFiles/PWM_control.elf.dir/Core/Src/stm32f1xx_it.c.obj
 .debug_info    0x000021bd      0x248 CMakeFiles/PWM_control.elf.dir/Core/Src/system_stm32f1xx.c.obj
 .debug_info    0x00002405     0x1027 CMakeFiles/PWM_control.elf.dir/Core/Src/tim.c.obj
 .debug_info    0x0000342c       0x22 CMakeFiles/PWM_control.elf.dir/Core/Startup/startup_stm32f103c6tx.s.obj
 .debug_info    0x0000344e      0x78a CMakeFiles/PWM_control.elf.dir/Drivers/STM32F1xx_HAL_Driver/Src/stm32f1xx_hal.c.obj
 .debug_info    0x00003bd8      0xd6c CMakeFiles/PWM_control.elf.dir/Drivers/STM32F1xx_HAL_Driver/Src/stm32f1xx_hal_cortex.c.obj
 .debug_info    0x00004944      0x84b CMakeFiles/PWM_control.elf.dir/Drivers/STM32F1xx_HAL_Driver/Src/stm32f1xx_hal_dma.c.obj
 .debug_info    0x0000518f      0x66f CMakeFiles/PWM_control.elf.dir/Drivers/STM32F1xx_HAL_Driver/Src/stm32f1xx_hal_gpio.c.obj
 .debug_info    0x000057fe      0xa3b CMakeFiles/PWM_control.elf.dir/Drivers/STM32F1xx_HAL_Driver/Src/stm32f1xx_hal_rcc.c.obj
 .debug_info    0x00006239     0x3d52 CMakeFiles/PWM_control.elf.dir/Drivers/STM32F1xx_HAL_Driver/Src/stm32f1xx_hal_tim.c.obj
 .debug_info    0x00009f8b     0x1abb CMakeFiles/PWM_control.elf.dir/Drivers/STM32F1xx_HAL_Driver/Src/stm32f1xx_hal_tim_ex.c.obj

.debug_abbrev   0x00000000     0x1c47
 .debug_abbrev  0x00000000      0x114 CMakeFiles/PWM_control.elf.dir/Core/Src/dma.c.obj
 .debug_abbrev  0x00000114      0x158 CMakeFiles/PWM_control.elf.dir/Core/Src/gpio.c.obj
 .debug_abbrev  0x0000026c      0x34e CMakeFiles/PWM_control.elf.dir/Core/Src/main.c.obj
 .debug_abbrev  0x000005ba       0xe5 CMakeFiles/PWM_control.elf.dir/Core/Src/stm32f1xx_hal_msp.c.obj
 .debug_abbrev  0x0000069f      0x1bf CMakeFiles/PWM_control.elf.dir/Core/Src/stm32f1xx_it.c.obj
 .debug_abbrev  0x0000085e      0x13e CMakeFiles/PWM_control.elf.dir/Core/Src/system_stm32f1xx.c.obj
 .debug_abbrev  0x0000099c      0x254 CMakeFiles/PWM_control.elf.dir/Core/Src/tim.c.obj
 .debug_abbrev  0x00000bf0       0x12 CMakeFiles/PWM_control.elf.dir/Core/Startup/startup_stm32f103c6tx.s.obj
 .debug_abbrev  0x00000c02      0x1f4 CMakeFiles/PWM_control.elf.dir/Drivers/STM32F1xx_HAL_Driver/Src/stm32f1xx_hal.c.obj
 .debug_abbrev  0x00000df6      0x341 CMakeFiles/PWM_control.elf.dir/Drivers/STM32F1xx_HAL_Driver/Src/stm32f1xx_hal_cortex.c.obj
 .debug_abbrev  0x00001137      0x223 CMakeFiles/PWM_control.elf.dir/Drivers/STM32F1xx_HAL_Driver/Src/stm32f1xx_hal_dma.c.obj
 .debug_abbrev  0x0000135a      0x1e6 CMakeFiles/PWM_control.elf.dir/Drivers/STM32F1xx_HAL_Driver/Src/stm32f1xx_hal_gpio.c.obj
 .debug_abbrev  0x00001540      0x27a CMakeFiles/PWM_control.elf.dir/Drivers/STM32F1xx_HAL_Driver/Src/stm32f1xx_hal_rcc.c.obj
 .debug_abbrev  0x000017ba      0x245 CMakeFiles/PWM_control.elf.dir/Drivers/STM32F1xx_HAL_Driver/Src/stm32f1xx_hal_tim.c.obj
 .debug_abbrev  0x000019ff      0x248 CMakeFiles/PWM_control.elf.dir/Drivers/STM32F1xx_HAL_Driver/Src/stm32f1xx_hal_tim_ex.c.obj

.debug_aranges  0x00000000      0x9e0
 .debug_aranges
                0x00000000       0x20 CMakeFiles/PWM_control.elf.dir/Core/Src/dma.c.obj
 .debug_aranges
                0x00000020       0x20 CMakeFiles/PWM_control.elf.dir/Core/Src/gpio.c.obj
 .debug_aranges
                0x00000040       0x50 CMakeFiles/PWM_control.elf.dir/Core/Src/main.c.obj
 .debug_aranges
                0x00000090       0x20 CMakeFiles/PWM_control.elf.dir/Core/Src/stm32f1xx_hal_msp.c.obj
 .debug_aranges
                0x000000b0       0x88 CMakeFiles/PWM_control.elf.dir/Core/Src/stm32f1xx_it.c.obj
 .debug_aranges
                0x00000138       0x28 CMakeFiles/PWM_control.elf.dir/Core/Src/system_stm32f1xx.c.obj
 .debug_aranges
                0x00000160       0x48 CMakeFiles/PWM_control.elf.dir/Core/Src/tim.c.obj
 .debug_aranges
                0x000001a8       0x28 CMakeFiles/PWM_control.elf.dir/Core/Startup/startup_stm32f103c6tx.s.obj
 .debug_aranges
                0x000001d0       0xe0 CMakeFiles/PWM_control.elf.dir/Drivers/STM32F1xx_HAL_Driver/Src/stm32f1xx_hal.c.obj
 .debug_aranges
                0x000002b0       0x90 CMakeFiles/PWM_control.elf.dir/Drivers/STM32F1xx_HAL_Driver/Src/stm32f1xx_hal_cortex.c.obj
 .debug_aranges
                0x00000340       0x80 CMakeFiles/PWM_control.elf.dir/Drivers/STM32F1xx_HAL_Driver/Src/stm32f1xx_hal_dma.c.obj
 .debug_aranges
                0x000003c0       0x58 CMakeFiles/PWM_control.elf.dir/Drivers/STM32F1xx_HAL_Driver/Src/stm32f1xx_hal_gpio.c.obj
 .debug_aranges
                0x00000418       0x90 CMakeFiles/PWM_control.elf.dir/Drivers/STM32F1xx_HAL_Driver/Src/stm32f1xx_hal_rcc.c.obj
 .debug_aranges
                0x000004a8      0x3d0 CMakeFiles/PWM_control.elf.dir/Drivers/STM32F1xx_HAL_Driver/Src/stm32f1xx_hal_tim.c.obj
 .debug_aranges
                0x00000878      0x168 CMakeFiles/PWM_control.elf.dir/Drivers/STM32F1xx_HAL_Driver/Src/stm32f1xx_hal_tim_ex.c.obj

.debug_ranges   0x00000000      0x990
 .debug_ranges  0x00000000       0x10 CMakeFiles/PWM_control.elf.dir/Core/Src/dma.c.obj
 .debug_ranges  0x00000010       0x10 CMakeFiles/PWM_control.elf.dir/Core/Src/gpio.c.obj
 .debug_ranges  0x00000020       0x58 CMakeFiles/PWM_control.elf.dir/Core/Src/main.c.obj
 .debug_ranges  0x00000078       0x10 CMakeFiles/PWM_control.elf.dir/Core/Src/stm32f1xx_hal_msp.c.obj
 .debug_ranges  0x00000088       0x78 CMakeFiles/PWM_control.elf.dir/Core/Src/stm32f1xx_it.c.obj
 .debug_ranges  0x00000100       0x18 CMakeFiles/PWM_control.elf.dir/Core/Src/system_stm32f1xx.c.obj
 .debug_ranges  0x00000118       0x38 CMakeFiles/PWM_control.elf.dir/Core/Src/tim.c.obj
 .debug_ranges  0x00000150       0x20 CMakeFiles/PWM_control.elf.dir/Core/Startup/startup_stm32f103c6tx.s.obj
 .debug_ranges  0x00000170       0xd0 CMakeFiles/PWM_control.elf.dir/Drivers/STM32F1xx_HAL_Driver/Src/stm32f1xx_hal.c.obj
 .debug_ranges  0x00000240       0xe0 CMakeFiles/PWM_control.elf.dir/Drivers/STM32F1xx_HAL_Driver/Src/stm32f1xx_hal_cortex.c.obj
 .debug_ranges  0x00000320       0x70 CMakeFiles/PWM_control.elf.dir/Drivers/STM32F1xx_HAL_Driver/Src/stm32f1xx_hal_dma.c.obj
 .debug_ranges  0x00000390       0x48 CMakeFiles/PWM_control.elf.dir/Drivers/STM32F1xx_HAL_Driver/Src/stm32f1xx_hal_gpio.c.obj
 .debug_ranges  0x000003d8       0xa0 CMakeFiles/PWM_control.elf.dir/Drivers/STM32F1xx_HAL_Driver/Src/stm32f1xx_hal_rcc.c.obj
 .debug_ranges  0x00000478      0x3c0 CMakeFiles/PWM_control.elf.dir/Drivers/STM32F1xx_HAL_Driver/Src/stm32f1xx_hal_tim.c.obj
 .debug_ranges  0x00000838      0x158 CMakeFiles/PWM_control.elf.dir/Drivers/STM32F1xx_HAL_Driver/Src/stm32f1xx_hal_tim_ex.c.obj

.debug_line     0x00000000     0xa85f
 .debug_line    0x00000000      0x1d3 CMakeFiles/PWM_control.elf.dir/Core/Src/dma.c.obj
 .debug_line    0x000001d3      0x252 CMakeFiles/PWM_control.elf.dir/Core/Src/gpio.c.obj
 .debug_line    0x00000425      0x70e CMakeFiles/PWM_control.elf.dir/Core/Src/main.c.obj
 .debug_line    0x00000b33      0x189 CMakeFiles/PWM_control.elf.dir/Core/Src/stm32f1xx_hal_msp.c.obj
 .debug_line    0x00000cbc      0x3d7 CMakeFiles/PWM_control.elf.dir/Core/Src/stm32f1xx_it.c.obj
 .debug_line    0x00001093      0x252 CMakeFiles/PWM_control.elf.dir/Core/Src/system_stm32f1xx.c.obj
 .debug_line    0x000012e5      0x6b8 CMakeFiles/PWM_control.elf.dir/Core/Src/tim.c.obj
 .debug_line    0x0000199d       0xa9 CMakeFiles/PWM_control.elf.dir/Core/Startup/startup_stm32f103c6tx.s.obj
 .debug_line    0x00001a46      0x586 CMakeFiles/PWM_control.elf.dir/Drivers/STM32F1xx_HAL_Driver/Src/stm32f1xx_hal.c.obj
 .debug_line    0x00001fcc      0x66b CMakeFiles/PWM_control.elf.dir/Drivers/STM32F1xx_HAL_Driver/Src/stm32f1xx_hal_cortex.c.obj
 .debug_line    0x00002637      0xa8c CMakeFiles/PWM_control.elf.dir/Drivers/STM32F1xx_HAL_Driver/Src/stm32f1xx_hal_dma.c.obj
 .debug_line    0x000030c3      0x5fe CMakeFiles/PWM_control.elf.dir/Drivers/STM32F1xx_HAL_Driver/Src/stm32f1xx_hal_gpio.c.obj
 .debug_line    0x000036c1      0xc50 CMakeFiles/PWM_control.elf.dir/Drivers/STM32F1xx_HAL_Driver/Src/stm32f1xx_hal_rcc.c.obj
 .debug_line    0x00004311     0x4960 CMakeFiles/PWM_control.elf.dir/Drivers/STM32F1xx_HAL_Driver/Src/stm32f1xx_hal_tim.c.obj
 .debug_line    0x00008c71     0x1bee CMakeFiles/PWM_control.elf.dir/Drivers/STM32F1xx_HAL_Driver/Src/stm32f1xx_hal_tim_ex.c.obj

.debug_str      0x00000000     0x3211
 .debug_str     0x00000000      0x4ad CMakeFiles/PWM_control.elf.dir/Core/Src/dma.c.obj
                                0x4ea (size before relaxing)
 .debug_str     0x000004ad       0x9f CMakeFiles/PWM_control.elf.dir/Core/Src/gpio.c.obj
                                0x556 (size before relaxing)
 .debug_str     0x0000054c      0x881 CMakeFiles/PWM_control.elf.dir/Core/Src/main.c.obj
                                0xae7 (size before relaxing)
 .debug_str     0x00000dcd       0x73 CMakeFiles/PWM_control.elf.dir/Core/Src/stm32f1xx_hal_msp.c.obj
                                0x263 (size before relaxing)
 .debug_str     0x00000e40      0x19b CMakeFiles/PWM_control.elf.dir/Core/Src/stm32f1xx_it.c.obj
                                0x812 (size before relaxing)
 .debug_str     0x00000fdb       0xa1 CMakeFiles/PWM_control.elf.dir/Core/Src/system_stm32f1xx.c.obj
                                0x298 (size before relaxing)
 .debug_str     0x0000107c      0x2dd CMakeFiles/PWM_control.elf.dir/Core/Src/tim.c.obj
                                0xd67 (size before relaxing)
 .debug_str     0x00001359       0x59 CMakeFiles/PWM_control.elf.dir/Core/Startup/startup_stm32f103c6tx.s.obj
                                 0x91 (size before relaxing)
 .debug_str     0x000013b2      0x327 CMakeFiles/PWM_control.elf.dir/Drivers/STM32F1xx_HAL_Driver/Src/stm32f1xx_hal.c.obj
                                0x82e (size before relaxing)
 .debug_str     0x000016d9      0x399 CMakeFiles/PWM_control.elf.dir/Drivers/STM32F1xx_HAL_Driver/Src/stm32f1xx_hal_cortex.c.obj
                                0x8dd (size before relaxing)
 .debug_str     0x00001a72      0x23b CMakeFiles/PWM_control.elf.dir/Drivers/STM32F1xx_HAL_Driver/Src/stm32f1xx_hal_dma.c.obj
                                0x641 (size before relaxing)
 .debug_str     0x00001cad      0x12c CMakeFiles/PWM_control.elf.dir/Drivers/STM32F1xx_HAL_Driver/Src/stm32f1xx_hal_gpio.c.obj
                                0x444 (size before relaxing)
 .debug_str     0x00001dd9      0x1fa CMakeFiles/PWM_control.elf.dir/Drivers/STM32F1xx_HAL_Driver/Src/stm32f1xx_hal_rcc.c.obj
                                0x66f (size before relaxing)
 .debug_str     0x00001fd3      0xda9 CMakeFiles/PWM_control.elf.dir/Drivers/STM32F1xx_HAL_Driver/Src/stm32f1xx_hal_tim.c.obj
                               0x1683 (size before relaxing)
 .debug_str     0x00002d7c      0x495 CMakeFiles/PWM_control.elf.dir/Drivers/STM32F1xx_HAL_Driver/Src/stm32f1xx_hal_tim_ex.c.obj
                                0xe84 (size before relaxing)

.comment        0x00000000       0x49
 .comment       0x00000000       0x49 CMakeFiles/PWM_control.elf.dir/Core/Src/dma.c.obj
                                 0x4a (size before relaxing)
 .comment       0x00000049       0x4a CMakeFiles/PWM_control.elf.dir/Core/Src/gpio.c.obj
 .comment       0x00000049       0x4a CMakeFiles/PWM_control.elf.dir/Core/Src/main.c.obj
 .comment       0x00000049       0x4a CMakeFiles/PWM_control.elf.dir/Core/Src/stm32f1xx_hal_msp.c.obj
 .comment       0x00000049       0x4a CMakeFiles/PWM_control.elf.dir/Core/Src/stm32f1xx_it.c.obj
 .comment       0x00000049       0x4a CMakeFiles/PWM_control.elf.dir/Core/Src/system_stm32f1xx.c.obj
 .comment       0x00000049       0x4a CMakeFiles/PWM_control.elf.dir/Core/Src/tim.c.obj
 .comment       0x00000049       0x4a CMakeFiles/PWM_control.elf.dir/Drivers/STM32F1xx_HAL_Driver/Src/stm32f1xx_hal.c.obj
 .comment       0x00000049       0x4a CMakeFiles/PWM_control.elf.dir/Drivers/STM32F1xx_HAL_Driver/Src/stm32f1xx_hal_cortex.c.obj
 .comment       0x00000049       0x4a CMakeFiles/PWM_control.elf.dir/Drivers/STM32F1xx_HAL_Driver/Src/stm32f1xx_hal_dma.c.obj
 .comment       0x00000049       0x4a CMakeFiles/PWM_control.elf.dir/Drivers/STM32F1xx_HAL_Driver/Src/stm32f1xx_hal_gpio.c.obj
 .comment       0x00000049       0x4a CMakeFiles/PWM_control.elf.dir/Drivers/STM32F1xx_HAL_Driver/Src/stm32f1xx_hal_rcc.c.obj
 .comment       0x00000049       0x4a CMakeFiles/PWM_control.elf.dir/Drivers/STM32F1xx_HAL_Driver/Src/stm32f1xx_hal_tim.c.obj
 .comment       0x00000049       0x4a CMakeFiles/PWM_control.elf.dir/Drivers/STM32F1xx_HAL_Driver/Src/stm32f1xx_hal_tim_ex.c.obj

.debug_frame    0x00000000     0x1c10
 .debug_frame   0x00000000       0x2c CMakeFiles/PWM_control.elf.dir/Core/Src/dma.c.obj
 .debug_frame   0x0000002c       0x34 CMakeFiles/PWM_control.elf.dir/Core/Src/gpio.c.obj
 .debug_frame   0x00000060       0xb0 CMakeFiles/PWM_control.elf.dir/Core/Src/main.c.obj
 .debug_frame   0x00000110       0x28 CMakeFiles/PWM_control.elf.dir/Core/Src/stm32f1xx_hal_msp.c.obj
 .debug_frame   0x00000138      0x120 CMakeFiles/PWM_control.elf.dir/Core/Src/stm32f1xx_it.c.obj
 .debug_frame   0x00000258       0x30 CMakeFiles/PWM_control.elf.dir/Core/Src/system_stm32f1xx.c.obj
 .debug_frame   0x00000288       0xcc CMakeFiles/PWM_control.elf.dir/Core/Src/tim.c.obj
 .debug_frame   0x00000354      0x1cc CMakeFiles/PWM_control.elf.dir/Drivers/STM32F1xx_HAL_Driver/Src/stm32f1xx_hal.c.obj
 .debug_frame   0x00000520      0x118 CMakeFiles/PWM_control.elf.dir/Drivers/STM32F1xx_HAL_Driver/Src/stm32f1xx_hal_cortex.c.obj
 .debug_frame   0x00000638      0x144 CMakeFiles/PWM_control.elf.dir/Drivers/STM32F1xx_HAL_Driver/Src/stm32f1xx_hal_dma.c.obj
 .debug_frame   0x0000077c       0xe0 CMakeFiles/PWM_control.elf.dir/Drivers/STM32F1xx_HAL_Driver/Src/stm32f1xx_hal_gpio.c.obj
 .debug_frame   0x0000085c      0x184 CMakeFiles/PWM_control.elf.dir/Drivers/STM32F1xx_HAL_Driver/Src/stm32f1xx_hal_rcc.c.obj
 .debug_frame   0x000009e0      0xb18 CMakeFiles/PWM_control.elf.dir/Drivers/STM32F1xx_HAL_Driver/Src/stm32f1xx_hal_tim.c.obj
 .debug_frame   0x000014f8      0x40c CMakeFiles/PWM_control.elf.dir/Drivers/STM32F1xx_HAL_Driver/Src/stm32f1xx_hal_tim_ex.c.obj
 .debug_frame   0x00001904       0xac c:/progra~2/gnuarm~1/102021~1.10/bin/../lib/gcc/arm-none-eabi/10.3.1/thumb/v7-m/nofp\libgcc.a(_arm_addsubdf3.o)
 .debug_frame   0x000019b0       0x50 c:/progra~2/gnuarm~1/102021~1.10/bin/../lib/gcc/arm-none-eabi/10.3.1/thumb/v7-m/nofp\libgcc.a(_arm_muldivdf3.o)
 .debug_frame   0x00001a00       0x24 c:/progra~2/gnuarm~1/102021~1.10/bin/../lib/gcc/arm-none-eabi/10.3.1/thumb/v7-m/nofp\libgcc.a(_arm_fixunsdfsi.o)
 .debug_frame   0x00001a24       0x2c c:/progra~2/gnuarm~1/102021~1.10/bin/../lib/gcc/arm-none-eabi/10.3.1/../../../../arm-none-eabi/lib/thumb/v7-m/nofp\libg.a(lib_a-init.o)
 .debug_frame   0x00001a50       0x2c c:/progra~2/gnuarm~1/102021~1.10/bin/../lib/gcc/arm-none-eabi/10.3.1/../../../../arm-none-eabi/lib/thumb/v7-m/nofp\libg.a(lib_a-memset.o)
 .debug_frame   0x00001a7c       0x5c c:/progra~2/gnuarm~1/102021~1.10/bin/../lib/gcc/arm-none-eabi/10.3.1/../../../../arm-none-eabi/lib/thumb/v7-m/nofp\libg.a(lib_a-__call_atexit.o)
 .debug_frame   0x00001ad8       0x20 c:/progra~2/gnuarm~1/102021~1.10/bin/../lib/gcc/arm-none-eabi/10.3.1/../../../../arm-none-eabi/lib/thumb/v7-m/nofp\libg.a(lib_a-atexit.o)
 .debug_frame   0x00001af8       0x34 c:/progra~2/gnuarm~1/102021~1.10/bin/../lib/gcc/arm-none-eabi/10.3.1/../../../../arm-none-eabi/lib/thumb/v7-m/nofp\libg.a(lib_a-fini.o)
 .debug_frame   0x00001b2c       0xb0 c:/progra~2/gnuarm~1/102021~1.10/bin/../lib/gcc/arm-none-eabi/10.3.1/../../../../arm-none-eabi/lib/thumb/v7-m/nofp\libg.a(lib_a-lock.o)
 .debug_frame   0x00001bdc       0x34 c:/progra~2/gnuarm~1/102021~1.10/bin/../lib/gcc/arm-none-eabi/10.3.1/../../../../arm-none-eabi/lib/thumb/v7-m/nofp\libg.a(lib_a-__atexit.o)

.debug_loc      0x00000000     0x8c14
 .debug_loc     0x00000000      0x1f3 CMakeFiles/PWM_control.elf.dir/Core/Src/main.c.obj
 .debug_loc     0x000001f3       0x15 CMakeFiles/PWM_control.elf.dir/Core/Src/stm32f1xx_hal_msp.c.obj
 .debug_loc     0x00000208       0xff CMakeFiles/PWM_control.elf.dir/Core/Src/system_stm32f1xx.c.obj
 .debug_loc     0x00000307       0xfa CMakeFiles/PWM_control.elf.dir/Core/Src/tim.c.obj
 .debug_loc     0x00000401      0x141 CMakeFiles/PWM_control.elf.dir/Drivers/STM32F1xx_HAL_Driver/Src/stm32f1xx_hal.c.obj
 .debug_loc     0x00000542      0x71f CMakeFiles/PWM_control.elf.dir/Drivers/STM32F1xx_HAL_Driver/Src/stm32f1xx_hal_cortex.c.obj
 .debug_loc     0x00000c61      0x7d1 CMakeFiles/PWM_control.elf.dir/Drivers/STM32F1xx_HAL_Driver/Src/stm32f1xx_hal_dma.c.obj
 .debug_loc     0x00001432      0x43d CMakeFiles/PWM_control.elf.dir/Drivers/STM32F1xx_HAL_Driver/Src/stm32f1xx_hal_gpio.c.obj
 .debug_loc     0x0000186f      0x618 CMakeFiles/PWM_control.elf.dir/Drivers/STM32F1xx_HAL_Driver/Src/stm32f1xx_hal_rcc.c.obj
 .debug_loc     0x00001e87     0x50fa CMakeFiles/PWM_control.elf.dir/Drivers/STM32F1xx_HAL_Driver/Src/stm32f1xx_hal_tim.c.obj
 .debug_loc     0x00006f81     0x1c93 CMakeFiles/PWM_control.elf.dir/Drivers/STM32F1xx_HAL_Driver/Src/stm32f1xx_hal_tim_ex.c.obj
